Microchip MPLAB XC8 Compiler V2.36

Linker command line:

-W-3 --edf=C:\Program Files\Microchip\xc8\v2.36\pic\dat\en_msgs.txt -cn \
  -h+dist/default/production\CAN_RX.X.production.sym \
  --cmf=dist/default/production\CAN_RX.X.production.cmf -z -Q18F458 \
  -oC:\Users\su69186\AppData\Local\Temp\xcAsgr8.4 --defsym=__MPLAB_BUILD=1 \
  -Mdist/default/production/CAN_RX.X.production.map \
  --md=C:\Users\su69186\AppData\Local\Temp\xcAsgr8.dat -E1 \
  -ver=XC8 Compiler --acfsm=1493 -ACODE=00h-03FFFhx2 -ACONST=00h-07FFFh \
  -ASMALLCONST=0600h-06FFhx122 -AMEDIUMCONST=0600h-07FFFh -ACOMRAM=01h-05Fh \
  -AABS1=00h-05FFh -ABIGRAM=01h-05FFh -ARAM=060h-0FFh,0100h-01FFhx5 \
  -ABANK0=060h-0FFh -ABANK1=0100h-01FFh -ABANK2=0200h-02FFh \
  -ABANK3=0300h-03FFh -ABANK4=0400h-04FFh -ABANK5=0500h-05FFh \
  -ASFR=0F00h-0F5Fh,0F60h-0FFFh -ABIGSFR=0F00h-0FFFh \
  -ACONFIG=0300000h-030000Dh -AIDLOC=0200000h-0200007h \
  -AEEDATA=0F00000h-0F000FFh -peeprom_data=EEDATA \
  -preset_vec=00h,intcode=08h,intcodelo,powerup,init -pramtop=0600h \
  -psmallconst=SMALLCONST -pmediumconst=MEDIUMCONST -pconst=CONST \
  -AFARRAM=00h-00h \
  -prdata=COMRAM,nvrram=COMRAM,nvbit=COMRAM,rbss=COMRAM,rbit=COMRAM \
  -pfarbss=FARRAM,fardata=FARRAM,nvFARRAM=FARRAM \
  -pintsave_regs=BIGRAM,bigbss=BIGRAM,bigdata=BIGRAM -pbss=RAM \
  -pidata=CODE,irdata=CODE,ibigdata=CODE,ifardata=CODE -prparam=COMRAM \
  C:\Users\su69186\AppData\Local\Temp\xcAsgr8.o \
  dist/default/production\CAN_RX.X.production.o 

Object code version is 3.11

Machine type is 18F458



                Name                               Link     Load   Length Selector   Space Scale
C:\Users\su69186\AppData\Local\Temp\xcAsgr8.o
                idloc                            200000   200000        8        0       5
                config                           300000   300000        E        0       4
                text                                316      316        2        4       0
                init                                 32       32        4        4       0
                reset_vec                             0        0        6        0       0
dist/default/production\CAN_RX.X.production.o
                intcode                               8        8       2A        4       0
                idloc                            200000   200000        8        0       5
                config                           300000   300000        E        0       4
                temp                                 40       40        1        1       1
                text8                               268      268       3E        4       0
                text6                               30C      30C        A        4       0
                text5                                36       36       EC        4       0
                text4                               300      300        C        4       0
                text3                               2F2      2F2        E        4       0
                text2                               2D0      2D0       12        4       0
                text1                               1CA      1CA       9E        4       0
                text0                               122      122       A8        4       0
                cstackCOMRAM                          1        1       2F        1       1
                dataCOMRAM                           30       30       10        1       1
                cinit                               2A6      2A6       2A        4       0
                idataCOMRAM                         2E2      2E2       10        4       0

TOTAL           Name                               Link     Load   Length     Space
        CLASS   CODE           
                intcode                               8        8       2A         0
                text                                316      316        2         0
                init                                 32       32        4         0
                reset_vec                             0        0        6         0
                text8                               268      268       3E         0
                text6                               30C      30C        A         0
                text5                                36       36       EC         0
                text4                               300      300        C         0
                text3                               2F2      2F2        E         0
                text2                               2D0      2D0       12         0
                text1                               1CA      1CA       9E         0
                text0                               122      122       A8         0
                cinit                               2A6      2A6       2A         0
                idataCOMRAM                         2E2      2E2       10         0

        CLASS   CONST          

        CLASS   SMALLCONST     

        CLASS   MEDIUMCONST    

        CLASS   COMRAM         
                temp                                 40       40        1         1
                cstackCOMRAM                          1        1       2F         1
                dataCOMRAM                           30       30       10         1

        CLASS   ABS1           

        CLASS   BIGRAM         

        CLASS   RAM            

        CLASS   BANK0          

        CLASS   BANK1          

        CLASS   BANK2          

        CLASS   BANK3          

        CLASS   BANK4          

        CLASS   BANK5          

        CLASS   SFR            

        CLASS   BIGSFR         

        CLASS   CONFIG         
                config                           300000   300000        E         4

        CLASS   IDLOC          
                idloc                            200000   200000        8         5

        CLASS   EEDATA         

        CLASS   FARRAM         

        CLASS   HEAP           

        CLASS   STACK          



SEGMENTS        Name                           Load    Length   Top    Selector   Space  Class

                reset_vec                      000000  000006  000006         0       0  CODE    
                cstackCOMRAM                   000001  000040  000041         1       1  COMRAM  
                intcode                        000008  000310  000318         4       0  CODE    


UNUSED ADDRESS RANGES

        Name                Unused          Largest block    Delta
        BANK0            000060-0000FF               A0
        BANK1            000100-0001FF              100
        BANK2            000200-0002FF              100
        BANK3            000300-0003FF              100
        BANK4            000400-0004FF              100
        BANK5            000500-0005FF              100
        BIGRAM           000041-0005FF              5BF
        BIGSFR           000F00-000FFF              100
        CODE             000006-000007                2
                         000318-007FFF             3CE8
        COMRAM           000041-00005F               1F
        CONST            000006-000007                2
                         000318-007FFF             7CE8
        EEDATA           F00000-F000FF              100
        MEDIUMCONST      000600-007FFF             7A00
        RAM              000060-0005FF              100
        SFR              000F00-000FFF               60
        SMALLCONST       000600-007FFF              100

                                  Symbol Table

_BRGCON1                                                     (abs)        000F70
_BRGCON2                                                     (abs)        000F71
_BRGCON3                                                     (abs)        000F72
_CANCON                                                      (abs)        000F6F
_CANSTAT                                                     (abs)        000F6E
_GIE                                                         (abs)        007F97
_ISR1                                                        intcode      000008
_PEIE                                                        (abs)        007F96
_PORTBbits                                                   (abs)        000F81
_RBPU                                                        (abs)        007F8F
_RXB0CONbits                                                 (abs)        000F60
_RXB0D0                                                      (abs)        000F66
_RXB0D1                                                      (abs)        000F67
_RXB0D2                                                      (abs)        000F68
_RXB0D3                                                      (abs)        000F69
_RXB0D4                                                      (abs)        000F6A
_RXB0D5                                                      (abs)        000F6B
_RXB0D6                                                      (abs)        000F6C
_RXB0D7                                                      (abs)        000F6D
_RXB0DLC                                                     (abs)        000F65
_RXB0IE                                                      (abs)        007D18
_RXB0IF                                                      (abs)        007D20
_RXB0IP                                                      (abs)        007D28
_RXB0SIDH                                                    (abs)        000F61
_RXB0SIDL                                                    (abs)        000F62
_RXF0SIDH                                                    (abs)        000F00
_RXF0SIDL                                                    (abs)        000F01
_TRISBbits                                                   (abs)        000F93
_TXB0CON                                                     (abs)        000F40
_TXB0D0                                                      (abs)        000F46
_TXB0D1                                                      (abs)        000F47
_TXB0D2                                                      (abs)        000F48
_TXB0D3                                                      (abs)        000F49
_TXB0D4                                                      (abs)        000F4A
_TXB0D5                                                      (abs)        000F4B
_TXB0D6                                                      (abs)        000F4C
_TXB0D7                                                      (abs)        000F4D
_TXB0DLC                                                     (abs)        000F45
_TXB0SIDH                                                    (abs)        000F41
_TXB0SIDL                                                    (abs)        000F42
__HRAM                                                       (abs)        000000
__Habs1                                                      abs1         000000
__Hbank0                                                     bank0        000000
__Hbank1                                                     bank1        000000
__Hbank2                                                     bank2        000000
__Hbank3                                                     bank3        000000
__Hbank4                                                     bank4        000000
__Hbank5                                                     bank5        000000
__Hbigbss                                                    bigbss       000000
__Hbigdata                                                   bigdata      000000
__Hbigram                                                    bigram       000000
__Hbigsfr                                                    bigsfr       000000
__Hbss                                                       bss          000000
__Hcinit                                                     cinit        000000
__Hclrtext                                                   clrtext      000000
__Hcomram                                                    comram       000000
__Hconfig                                                    config       30000E
__Hconst                                                     const        000000
__HcstackCOMRAM                                              cstackCOMRAM 000000
__Hdata                                                      data         000000
__HdataCOMRAM                                                dataCOMRAM   000000
__Heeprom_data                                               eeprom_data  000000
__Hfarbss                                                    farbss       000000
__Hfardata                                                   fardata      000000
__Hheap                                                      heap         000000
__Hibigdata                                                  ibigdata     000000
__Hidata                                                     idata        000000
__HidataCOMRAM                                               idataCOMRAM  000000
__Hidloc                                                     idloc        200008
__Hifardata                                                  ifardata     000000
__Hinit                                                      init         000036
__Hintcode                                                   intcode      000032
__Hintcode_body                                              intcode_body 000000
__Hintcodelo                                                 intcodelo    000032
__Hintentry                                                  intentry     000000
__Hintret                                                    intret       000000
__Hintsave_regs                                              intsave_regs 000000
__Hirdata                                                    irdata       000000
__Hmediumconst                                               mediumconst  000000
__HnvFARRAM                                                  nvFARRAM     000000
__Hnvbit                                                     nvbit        000000
__Hnvrram                                                    nvrram       000000
__Hparam                                                     rparam       000000
__Hpowerup                                                   powerup      000032
__Hram                                                       ram          000000
__Hramtop                                                    ramtop       000600
__Hrbit                                                      rbit         000000
__Hrbss                                                      rbss         000000
__Hrdata                                                     rdata        000000
__Hreset_vec                                                 reset_vec    000006
__Hrparam                                                    rparam       000000
__Hsfr                                                       sfr          000000
__Hsmallconst                                                smallconst   000000
__Hspace_0                                                   (abs)        000600
__Hspace_1                                                   (abs)        000041
__Hspace_2                                                   (abs)        000000
__Hspace_4                                                   (abs)        60000E
__Hstack                                                     stack        000000
__Hstruct                                                    struct       000000
__Htemp                                                      temp         000041
__Htext                                                      text         000000
__Htext0                                                     text0        000000
__Htext1                                                     text1        000000
__Htext2                                                     text2        000000
__Htext3                                                     text3        000000
__Htext4                                                     text4        000000
__Htext5                                                     text5        000000
__Htext6                                                     text6        000000
__Htext8                                                     text8        000000
__LRAM                                                       (abs)        000001
__Labs1                                                      abs1         000000
__Lbank0                                                     bank0        000000
__Lbank1                                                     bank1        000000
__Lbank2                                                     bank2        000000
__Lbank3                                                     bank3        000000
__Lbank4                                                     bank4        000000
__Lbank5                                                     bank5        000000
__Lbigbss                                                    bigbss       000000
__Lbigdata                                                   bigdata      000000
__Lbigram                                                    bigram       000000
__Lbigsfr                                                    bigsfr       000000
__Lbss                                                       bss          000000
__Lcinit                                                     cinit        000000
__Lclrtext                                                   clrtext      000000
__Lcomram                                                    comram       000000
__Lconfig                                                    config       000000
__Lconst                                                     const        000000
__LcstackCOMRAM                                              cstackCOMRAM 000000
__Ldata                                                      data         000000
__LdataCOMRAM                                                dataCOMRAM   000000
__Leeprom_data                                               eeprom_data  000000
__Lfarbss                                                    farbss       000000
__Lfardata                                                   fardata      000000
__Lheap                                                      heap         000000
__Libigdata                                                  ibigdata     000000
__Lidata                                                     idata        000000
__LidataCOMRAM                                               idataCOMRAM  000000
__Lidloc                                                     idloc        000000
__Lifardata                                                  ifardata     000000
__Linit                                                      init         000032
__Lintcode                                                   intcode      000008
__Lintcode_body                                              intcode_body 000000
__Lintcodelo                                                 intcodelo    000032
__Lintentry                                                  intentry     000000
__Lintret                                                    intret       000000
__Lintsave_regs                                              intsave_regs 000000
__Lirdata                                                    irdata       000000
__Lmediumconst                                               mediumconst  000000
__LnvFARRAM                                                  nvFARRAM     000000
__Lnvbit                                                     nvbit        000000
__Lnvrram                                                    nvrram       000000
__Lparam                                                     rparam       000000
__Lpowerup                                                   powerup      000032
__Lram                                                       ram          000000
__Lramtop                                                    ramtop       000600
__Lrbit                                                      rbit         000000
__Lrbss                                                      rbss         000000
__Lrdata                                                     rdata        000000
__Lreset_vec                                                 reset_vec    000000
__Lrparam                                                    rparam       000000
__Lsfr                                                       sfr          000000
__Lsmallconst                                                smallconst   000000
__Lspace_0                                                   (abs)        000000
__Lspace_1                                                   (abs)        000000
__Lspace_2                                                   (abs)        000000
__Lspace_4                                                   (abs)        000000
__Lstack                                                     stack        000000
__Lstruct                                                    struct       000000
__Ltemp                                                      temp         000040
__Ltext                                                      text         000000
__Ltext0                                                     text0        000000
__Ltext1                                                     text1        000000
__Ltext2                                                     text2        000000
__Ltext3                                                     text3        000000
__Ltext4                                                     text4        000000
__Ltext5                                                     text5        000000
__Ltext6                                                     text6        000000
__Ltext8                                                     text8        000000
__S0                                                         (abs)        000318
__S1                                                         (abs)        000041
__S4                                                         (abs)        000000
__S5                                                         (abs)        000000
___heap_hi                                                   (abs)        000000
___heap_lo                                                   (abs)        000000
___inthi_sp                                                  stack        000000
___intlo_sp                                                  stack        000000
___param_bank                                                (abs)        000000
___rparam_used                                               (abs)        000001
___sp                                                        stack        000000
__accesstop                                                  (abs)        000060
__activetblptr                                               (abs)        000000
__cntErrataNOP_C:\Users\su69186\AppData\Local\Temp\xcAsgr8.o (abs)        000001
__cntErrataNOP_dist/default/production\CAN_RX.X.production.o (abs)        000024
__end_of_ISR1                                                intcode      000032
__end_of__initialization                                     cinit        0002C6
__end_of_can_read                                            text8        0002A4
__end_of_can_sys_init                                        text6        000316
__end_of_can_write                                           text5        000122
__end_of_gpios_init                                          text4        00030C
__end_of_init_inrpt                                          text3        000300
__end_of_main                                                text0        0001CA
__end_of_masking_filter                                      text2        0002E2
__end_of_set_mode                                            text1        000268
__initialization                                             cinit        0002A6
__mediumconst                                                mediumconst  000000
__pcinit                                                     cinit        0002A6
__pcstackCOMRAM                                              cstackCOMRAM 000001
__pdataCOMRAM                                                dataCOMRAM   000030
__pidataCOMRAM                                               idataCOMRAM  0002E2
__pintcode                                                   intcode      000008
__ptext0                                                     text0        000122
__ptext1                                                     text1        0001CA
__ptext2                                                     text2        0002D0
__ptext3                                                     text3        0002F2
__ptext4                                                     text4        000300
__ptext5                                                     text5        000036
__ptext6                                                     text6        00030C
__ptext8                                                     text8        000268
__ramtop                                                     ramtop       000600
__smallconst                                                 smallconst   000000
_can_read                                                    text8        000268
_can_sys_init                                                text6        00030C
_can_write                                                   text5        000036
_gpios_init                                                  text4        000300
_init_inrpt                                                  text3        0002F2
_main                                                        text0        000122
_masking_filter                                              text2        0002D0
_set_mode                                                    text1        0001CA
btemp                                                        temp         000040
can_read@data1                                               cstackCOMRAM 000001
can_write@DLC                                                cstackCOMRAM 00001B
can_write@HB                                                 cstackCOMRAM 00001D
can_write@LB                                                 cstackCOMRAM 00001C
can_write@data                                               cstackCOMRAM 000017
can_write@msg_id                                             cstackCOMRAM 000015
end_of_initialization                                        cinit        0002C6
int$flags                                                    temp         000040
intlevel0                                                    text         000316
intlevel1                                                    text         000316
intlevel2                                                    text         000316
intlevel3                                                    text         000316
isa$std                                                      (abs)        000001
isa$xinst                                                    (abs)        000000
main@F5710                                                   dataCOMRAM   000038
main@F5712                                                   dataCOMRAM   000030
main@sw_off_data                                             cstackCOMRAM 000020
main@sw_on_data                                              cstackCOMRAM 000028
set_mode@bud                                                 cstackCOMRAM 000015
stackhi                                                      (abs)        000000
stacklo                                                      (abs)        000000
start                                                        init         000032
start_initialization                                         cinit        0002A6
ttemp5                                                       temp         000041
ttemp6                                                       temp         000044
ttemp7                                                       temp         000048
wtemp8                                                       temp         000041


MODULE INFORMATION

Module		Function		Class		Link	Load	Size
gpios.c
		_gpios_init    		CODE           	0300	0000	12

gpios.c estimated size: 12

canconfig.c
		_set_mode      		CODE           	01CA	0000	158
		_masking_filter		CODE           	02D0	0000	18
		_can_sys_init  		CODE           	030C	0000	10

canconfig.c estimated size: 186

./can_read.h
		_can_write     		CODE           	0036	0000	236
		_can_read      		CODE           	0268	0000	60

./can_read.h estimated size: 296

./interrupt.h
		_init_inrpt    		CODE           	02F2	0000	14

./interrupt.h estimated size: 14

shared
		__initialization		CODE           	02A6	0000	32

shared estimated size: 32

main.c
		_main          		CODE           	0122	0000	168
		_ISR1          		CODE           	0008	0000	42

main.c estimated size: 210

